// Jest Snapshot v1, https://goo.gl/fbAQLP

exports[`Check Invalid Words Check words whic exists but are too large 1`] = `false`;

exports[`Check Invalid Words Check words whic exists but are too large 2`] = `false`;

exports[`Check Invalid Words Check words which do not exist. 1`] = `false`;

exports[`Check Invalid Words Check words which do not exist. 2`] = `false`;

exports[`Check Valid Words Check capitalized words 1`] = `true`;

exports[`Check Valid Words Check capitalized words 2`] = `true`;

exports[`Check Valid Words Check small letter words 1`] = `true`;

exports[`Check Valid Words Check small letter words 2`] = `true`;

exports[`Check Valid Words Check words with * 1`] = `true`;

exports[`Check Valid Words Check words with * 2`] = `true`;

exports[`Check Valid Words Check words with * 3`] = `true`;
